Archive member included because of file (symbol)

/home/luix/apps/gcc/gcc-arm-none-eabi-4_8-2013q4/bin/../lib/gcc/arm-none-eabi/4.8.3/../../../../arm-none-eabi/lib/armv7e-m/fpu/libc.a(lib_a-aeabi_atexit.o)
                              build/clouds_bootloader/bootloader.o (__aeabi_atexit)
/home/luix/apps/gcc/gcc-arm-none-eabi-4_8-2013q4/bin/../lib/gcc/arm-none-eabi/4.8.3/../../../../arm-none-eabi/lib/armv7e-m/fpu/libc.a(lib_a-cxa_atexit.o)
                              /home/luix/apps/gcc/gcc-arm-none-eabi-4_8-2013q4/bin/../lib/gcc/arm-none-eabi/4.8.3/../../../../arm-none-eabi/lib/armv7e-m/fpu/libc.a(lib_a-aeabi_atexit.o) (__cxa_atexit)
/home/luix/apps/gcc/gcc-arm-none-eabi-4_8-2013q4/bin/../lib/gcc/arm-none-eabi/4.8.3/../../../../arm-none-eabi/lib/armv7e-m/fpu/libc.a(lib_a-exit.o)
                              /home/luix/apps/gcc/gcc-arm-none-eabi-4_8-2013q4/bin/../lib/gcc/arm-none-eabi/4.8.3/../../../../arm-none-eabi/lib/armv7e-m/fpu/crt0.o (exit)
/home/luix/apps/gcc/gcc-arm-none-eabi-4_8-2013q4/bin/../lib/gcc/arm-none-eabi/4.8.3/../../../../arm-none-eabi/lib/armv7e-m/fpu/libc.a(lib_a-impure.o)
                              /home/luix/apps/gcc/gcc-arm-none-eabi-4_8-2013q4/bin/../lib/gcc/arm-none-eabi/4.8.3/../../../../arm-none-eabi/lib/armv7e-m/fpu/libc.a(lib_a-exit.o) (_global_impure_ptr)
/home/luix/apps/gcc/gcc-arm-none-eabi-4_8-2013q4/bin/../lib/gcc/arm-none-eabi/4.8.3/../../../../arm-none-eabi/lib/armv7e-m/fpu/libc.a(lib_a-init.o)
                              /home/luix/apps/gcc/gcc-arm-none-eabi-4_8-2013q4/bin/../lib/gcc/arm-none-eabi/4.8.3/../../../../arm-none-eabi/lib/armv7e-m/fpu/crt0.o (__libc_init_array)
/home/luix/apps/gcc/gcc-arm-none-eabi-4_8-2013q4/bin/../lib/gcc/arm-none-eabi/4.8.3/../../../../arm-none-eabi/lib/armv7e-m/fpu/libc.a(lib_a-memcpy.o)
                              build/clouds_bootloader/bootloader.o (memcpy)
/home/luix/apps/gcc/gcc-arm-none-eabi-4_8-2013q4/bin/../lib/gcc/arm-none-eabi/4.8.3/../../../../arm-none-eabi/lib/armv7e-m/fpu/libc.a(lib_a-memset.o)
                              /home/luix/apps/gcc/gcc-arm-none-eabi-4_8-2013q4/bin/../lib/gcc/arm-none-eabi/4.8.3/../../../../arm-none-eabi/lib/armv7e-m/fpu/crt0.o (memset)
/home/luix/apps/gcc/gcc-arm-none-eabi-4_8-2013q4/bin/../lib/gcc/arm-none-eabi/4.8.3/../../../../arm-none-eabi/lib/armv7e-m/fpu/libc.a(lib_a-__atexit.o)
                              /home/luix/apps/gcc/gcc-arm-none-eabi-4_8-2013q4/bin/../lib/gcc/arm-none-eabi/4.8.3/../../../../arm-none-eabi/lib/armv7e-m/fpu/libc.a(lib_a-cxa_atexit.o) (__register_exitproc)
/home/luix/apps/gcc/gcc-arm-none-eabi-4_8-2013q4/bin/../lib/gcc/arm-none-eabi/4.8.3/../../../../arm-none-eabi/lib/armv7e-m/fpu/libc.a(lib_a-__call_atexit.o)
                              /home/luix/apps/gcc/gcc-arm-none-eabi-4_8-2013q4/bin/../lib/gcc/arm-none-eabi/4.8.3/../../../../arm-none-eabi/lib/armv7e-m/fpu/libc.a(lib_a-exit.o) (__call_exitprocs)
/home/luix/apps/gcc/gcc-arm-none-eabi-4_8-2013q4/bin/../lib/gcc/arm-none-eabi/4.8.3/../../../../arm-none-eabi/lib/armv7e-m/fpu/libc.a(lib_a-atexit.o)
                              /home/luix/apps/gcc/gcc-arm-none-eabi-4_8-2013q4/bin/../lib/gcc/arm-none-eabi/4.8.3/../../../../arm-none-eabi/lib/armv7e-m/fpu/libc.a(lib_a-__call_atexit.o) (atexit)
/home/luix/apps/gcc/gcc-arm-none-eabi-4_8-2013q4/bin/../lib/gcc/arm-none-eabi/4.8.3/../../../../arm-none-eabi/lib/armv7e-m/fpu/libc.a(lib_a-fini.o)
                              /home/luix/apps/gcc/gcc-arm-none-eabi-4_8-2013q4/bin/../lib/gcc/arm-none-eabi/4.8.3/../../../../arm-none-eabi/lib/armv7e-m/fpu/libc.a(lib_a-__call_atexit.o) (__libc_fini_array)

Discarded input sections

 .text          0x00000000        0x0 /home/luix/apps/gcc/gcc-arm-none-eabi-4_8-2013q4/bin/../lib/gcc/arm-none-eabi/4.8.3/armv7e-m/fpu/crti.o
 .data          0x00000000        0x0 /home/luix/apps/gcc/gcc-arm-none-eabi-4_8-2013q4/bin/../lib/gcc/arm-none-eabi/4.8.3/armv7e-m/fpu/crti.o
 .bss           0x00000000        0x0 /home/luix/apps/gcc/gcc-arm-none-eabi-4_8-2013q4/bin/../lib/gcc/arm-none-eabi/4.8.3/armv7e-m/fpu/crti.o
 .text          0x00000000       0x54 /home/luix/apps/gcc/gcc-arm-none-eabi-4_8-2013q4/bin/../lib/gcc/arm-none-eabi/4.8.3/armv7e-m/fpu/crtbegin.o
 .data          0x00000000        0x4 /home/luix/apps/gcc/gcc-arm-none-eabi-4_8-2013q4/bin/../lib/gcc/arm-none-eabi/4.8.3/armv7e-m/fpu/crtbegin.o
 .bss           0x00000000       0x1c /home/luix/apps/gcc/gcc-arm-none-eabi-4_8-2013q4/bin/../lib/gcc/arm-none-eabi/4.8.3/armv7e-m/fpu/crtbegin.o
 .init_array    0x00000000        0x4 /home/luix/apps/gcc/gcc-arm-none-eabi-4_8-2013q4/bin/../lib/gcc/arm-none-eabi/4.8.3/armv7e-m/fpu/crtbegin.o
 .fini_array    0x00000000        0x4 /home/luix/apps/gcc/gcc-arm-none-eabi-4_8-2013q4/bin/../lib/gcc/arm-none-eabi/4.8.3/armv7e-m/fpu/crtbegin.o
 .eh_frame      0x00000000        0x0 /home/luix/apps/gcc/gcc-arm-none-eabi-4_8-2013q4/bin/../lib/gcc/arm-none-eabi/4.8.3/armv7e-m/fpu/crtbegin.o
[...]
Memory Configuration

Name             Origin             Length             Attributes
RAM              0x20000000         0x00020000         xrw
CCMRAM           0x10000000         0x00010000         xrw
FLASH            0x08000000         0x00100000         xr
*default*        0x00000000         0xffffffff

Linker script and memory map

LOAD /home/luix/apps/gcc/gcc-arm-none-eabi-4_8-2013q4/bin/../lib/gcc/arm-none-eabi/4.8.3/armv7e-m/fpu/crti.o
LOAD /home/luix/apps/gcc/gcc-arm-none-eabi-4_8-2013q4/bin/../lib/gcc/arm-none-eabi/4.8.3/armv7e-m/fpu/crtbegin.o
LOAD /home/luix/apps/gcc/gcc-arm-none-eabi-4_8-2013q4/bin/../lib/gcc/arm-none-eabi/4.8.3/../../../../arm-none-eabi/lib/armv7e-m/fpu/crt0.o
LOAD build/clouds_bootloader/bootloader.o
LOAD build/clouds_bootloader/adc.o
LOAD build/clouds_bootloader/codec.o
LOAD build/clouds_bootloader/debug_port.o
LOAD build/clouds_bootloader/gate_input.o
LOAD build/clouds_bootloader/leds.o
LOAD build/clouds_bootloader/switches.o
LOAD build/clouds_bootloader/system.o
LOAD build/clouds_bootloader/demodulator.o
LOAD build/clouds_bootloader/packet_decoder.o
LOAD build/clouds_bootloader/atan.o
LOAD build/clouds_bootloader/units.o
LOAD build/clouds_bootloader/random.o
LOAD build/clouds_bootloader/bootloader_utils.o
LOAD build/clouds_bootloader/system_clock.o
LOAD build/clouds_bootloader/core_cm3.o
LOAD build/clouds_bootloader/system_stm32f4xx.o
LOAD build/clouds_bootloader/misc.o
LOAD build/clouds_bootloader/stm32f4xx_adc.o
LOAD build/clouds_bootloader/stm32f4xx_can.o
LOAD build/clouds_bootloader/stm32f4xx_crc.o
LOAD build/clouds_bootloader/stm32f4xx_cryp_aes.o
LOAD build/clouds_bootloader/stm32f4xx_cryp.o
LOAD build/clouds_bootloader/stm32f4xx_cryp_des.o
LOAD build/clouds_bootloader/stm32f4xx_cryp_tdes.o
LOAD build/clouds_bootloader/stm32f4xx_dac.o
LOAD build/clouds_bootloader/stm32f4xx_dbgmcu.o
LOAD build/clouds_bootloader/stm32f4xx_dcmi.o
LOAD build/clouds_bootloader/stm32f4xx_dma.o
LOAD build/clouds_bootloader/stm32f4xx_exti.o
LOAD build/clouds_bootloader/stm32f4xx_flash.o
LOAD build/clouds_bootloader/stm32f4xx_fsmc.o
LOAD build/clouds_bootloader/stm32f4xx_gpio.o
LOAD build/clouds_bootloader/stm32f4xx_hash.o
LOAD build/clouds_bootloader/stm32f4xx_hash_md5.o
LOAD build/clouds_bootloader/stm32f4xx_hash_sha1.o
LOAD build/clouds_bootloader/stm32f4xx_i2c.o
LOAD build/clouds_bootloader/stm32f4xx_iwdg.o
LOAD build/clouds_bootloader/stm32f4xx_pwr.o
LOAD build/clouds_bootloader/stm32f4xx_rcc.o
LOAD build/clouds_bootloader/stm32f4xx_rng.o
LOAD build/clouds_bootloader/stm32f4xx_rtc.o
LOAD build/clouds_bootloader/stm32f4xx_sdio.o
LOAD build/clouds_bootloader/stm32f4xx_spi.o
LOAD build/clouds_bootloader/stm32f4xx_syscfg.o
LOAD build/clouds_bootloader/stm32f4xx_tim.o
LOAD build/clouds_bootloader/stm32f4xx_usart.o
LOAD build/clouds_bootloader/stm32f4xx_wwdg.o
LOAD build/clouds_bootloader/startup_stm32f4xx.o
START GROUP
LOAD /home/luix/apps/gcc/gcc-arm-none-eabi-4_8-2013q4/bin/../lib/gcc/arm-none-eabi/4.8.3/armv7e-m/fpu/libgcc.a
LOAD /home/luix/apps/gcc/gcc-arm-none-eabi-4_8-2013q4/bin/../lib/gcc/arm-none-eabi/4.8.3/../../../../arm-none-eabi/lib/armv7e-m/fpu/libc.a
END GROUP
LOAD /home/luix/apps/gcc/gcc-arm-none-eabi-4_8-2013q4/bin/../lib/gcc/arm-none-eabi/4.8.3/armv7e-m/fpu/crtend.o
LOAD /home/luix/apps/gcc/gcc-arm-none-eabi-4_8-2013q4/bin/../lib/gcc/arm-none-eabi/4.8.3/armv7e-m/fpu/crtn.o
                0x20020000                _estack = 0x20020000
                0x00000000                _Min_Heap_Size = 0x0
                0x00000400                _Min_Stack_Size = 0x400

.isr_vector     0x08000000      0x190
                0x08000000                . = ALIGN (0x10)
 *(.isr_vector)
 .isr_vector    0x08000000      0x188 build/clouds_bootloader/startup_stm32f4xx.o
                0x08000000                g_pfnVectors
                0x08000190                . = ALIGN (0x10)
 *fill*         0x08000188        0x8 

.flashtext      0x08000190        0x0
                0x08000190                . = ALIGN (0x10)
 *(.flashtext)
                0x08000190                . = ALIGN (0x10)

.text           0x08000190     0x33a0
                0x08000190                . = ALIGN (0x10)
 *(.text)
 .text          0x08000190      0x134 /home/luix/apps/gcc/gcc-arm-none-eabi-4_8-2013q4/bin/../lib/gcc/arm-none-eabi/4.8.3/../../../../arm-none-eabi/lib/armv7e-m/fpu/libc.a(lib_a-memcpy.o)
                0x08000190                memcpy
 *(.text.*)
 .text._Z10FillBufferPN6clouds5Codec5FrameES2_j
                0x080002c4      0x2fc build/clouds_bootloader/bootloader.o
                0x080002c4                FillBuffer(clouds::Codec::Frame*, clouds::Codec::Frame*, unsigned int)
 .text.NMI_Handler
                0x080005c0        0x4 build/clouds_bootloader/bootloader.o
                0x080005c0                NMI_Handler
 .text.HardFault_Handler
                0x080005c4        0x4 build/clouds_bootloader/bootloader.o
                0x080005c4                HardFault_Handler
 .text.MemManage_Handler
                0x080005c8        0x4 build/clouds_bootloader/bootloader.o
                0x080005c8                MemManage_Handler
 .text.BusFault_Handler
                0x080005cc        0x4 build/clouds_bootloader/bootloader.o
                0x080005cc                BusFault_Handler
 .text.UsageFault_Handler
                0x080005d0        0x4 build/clouds_bootloader/bootloader.o
                0x080005d0                UsageFault_Handler
 .text.SVC_Handler
                0x080005d4        0x4 build/clouds_bootloader/bootloader.o
                0x080005d4                SVC_Handler
 .text.DebugMon_Handler
                0x080005d8        0x4 build/clouds_bootloader/bootloader.o
                0x080005d8                DebugMon_Handler
 .text.PendSV_Handler
                0x080005dc        0x4 build/clouds_bootloader/bootloader.o
                0x080005dc                PendSV_Handler
 .text.UpdateLeds
                0x080005e0       0xf0 build/clouds_bootloader/bootloader.o
                0x080005e0                UpdateLeds
 .text.SysTick_Handler
                0x080006d0       0x34 build/clouds_bootloader/bootloader.o
                0x080006d0                SysTick_Handler
 .text._Z11ProgramPagePKhj
                0x08000704      0x2b0 build/clouds_bootloader/bootloader.o
                0x08000704                ProgramPage(unsigned char const*, unsigned int)
 .text._Z4Initv
                0x080009b4       0x60 build/clouds_bootloader/bootloader.o
                0x080009b4                Init()
 .text._Z19InitializeReceptionv
                0x08000a14       0x74 build/clouds_bootloader/bootloader.o
                0x08000a14                InitializeReception()
 .text.startup.main
                0x08000a88      0x1dc build/clouds_bootloader/bootloader.o
                0x08000a88                main
 .text._ZN6clouds5Codec14InitializeGPIOEv
                0x08000c64       0xb8 build/clouds_bootloader/codec.o
                0x08000c64                clouds::Codec::InitializeGPIO()
 .text._ZN6clouds5Codec26InitializeControlInterfaceEv
                0x08000d1c       0x60 build/clouds_bootloader/codec.o
                0x08000d1c                clouds::Codec::InitializeControlInterface()
 .text._ZN6clouds5Codec24InitializeAudioInterfaceEmNS_13CodecProtocolENS_11CodecFormatE
                0x08000d7c      0x10c build/clouds_bootloader/codec.o
                0x08000d7c                clouds::Codec::InitializeAudioInterface(unsigned long, clouds::CodecProtocol, clouds::CodecFormat)
 .text._ZN6clouds5Codec20WriteControlRegisterEht
                0x08000e88      0x2c8 build/clouds_bootloader/codec.o
                0x08000e88                clouds::Codec::WriteControlRegister(unsigned char, unsigned short)
 .text._ZN6clouds5Codec15InitializeCodecEmNS_13CodecProtocolENS_11CodecFormatE
                0x08001150       0xd0 build/clouds_bootloader/codec.o
                0x08001150                clouds::Codec::InitializeCodec(unsigned long, clouds::CodecProtocol, clouds::CodecFormat)
 .text._ZN6clouds5Codec13InitializeDMAEv
                0x08001220      0x110 build/clouds_bootloader/codec.o
                0x08001220                clouds::Codec::InitializeDMA()
 .text._ZN6clouds5Codec4InitEmNS_13CodecProtocolENS_11CodecFormatE
                0x08001330       0x58 build/clouds_bootloader/codec.o
                0x08001330                clouds::Codec::Init(unsigned long, clouds::CodecProtocol, clouds::CodecFormat)
 .text._ZN6clouds5Codec5StartEPFvPNS0_5FrameES2_jE
                0x08001388       0x90 build/clouds_bootloader/codec.o
                0x08001388                clouds::Codec::Start(void (*)(clouds::Codec::Frame*, clouds::Codec::Frame*, unsigned int))
 .text._ZN6clouds5Codec4StopEv
                0x08001418       0x20 build/clouds_bootloader/codec.o
                0x08001418                clouds::Codec::Stop()
 .text._ZN6clouds5Codec4FillEj
                0x08001438       0x38 build/clouds_bootloader/codec.o
                0x08001438                clouds::Codec::Fill(unsigned int)
 .text.DMA1_Stream3_IRQHandler
                0x08001470       0x48 build/clouds_bootloader/codec.o
                0x08001470                DMA1_Stream3_IRQHandler
 .text._ZN6clouds4Leds4InitEv
                0x080014b8      0x104 build/clouds_bootloader/leds.o
                0x080014b8                clouds::Leds::Init()
 .text._ZN6clouds4Leds5WriteEv
                0x080015bc       0xe0 build/clouds_bootloader/leds.o
                0x080015bc                clouds::Leds::Write()
 .text._ZN6clouds4Leds5ClearEv
                0x0800169c       0xa4 build/clouds_bootloader/leds.o
                0x0800169c                clouds::Leds::Clear()
 .text._ZN6clouds8Switches4InitEv
                0x08001740       0x70 build/clouds_bootloader/switches.o
                0x08001740                clouds::Switches::Init()
 .text._ZN6clouds8Switches8DebounceEv
                0x080017b0       0x60 build/clouds_bootloader/switches.o
                0x080017b0                clouds::Switches::Debounce()
 .text._ZN6clouds6System4InitEb
                0x08001810       0x10 build/clouds_bootloader/system.o
                0x08001810                clouds::System::Init(bool)
 .text._ZN6clouds6System11StartTimersEv
                0x08001820       0x2c build/clouds_bootloader/system.o
                0x08001820                clouds::System::StartTimers()
 .text._ZN20stm_audio_bootloader11Demodulator5ResetEv
                0x0800184c       0x4c build/clouds_bootloader/demodulator.o
                0x0800184c                stm_audio_bootloader::Demodulator::Reset()
 .text._ZN20stm_audio_bootloader11Demodulator4InitEmtt
                0x08001898       0x68 build/clouds_bootloader/demodulator.o
                0x08001898                stm_audio_bootloader::Demodulator::Init(unsigned long, unsigned short, unsigned short)
 .text._ZN20stm_audio_bootloader11Demodulator12DecideSymbolEb
                0x08001900      0x128 build/clouds_bootloader/demodulator.o
                0x08001900                stm_audio_bootloader::Demodulator::DecideSymbol(bool)
 .text._ZN20stm_audio_bootloader11Demodulator19EstimateDcComponentEv
                0x08001a28       0x5c build/clouds_bootloader/demodulator.o
                0x08001a28                stm_audio_bootloader::Demodulator::EstimateDcComponent()
 .text._ZN20stm_audio_bootloader11Demodulator13EstimatePowerEv
                0x08001a84       0x68 build/clouds_bootloader/demodulator.o
                0x08001a84                stm_audio_bootloader::Demodulator::EstimatePower()
 .text._ZN20stm_audio_bootloader11Demodulator10DemodulateEv
                0x08001aec      0x368 build/clouds_bootloader/demodulator.o
                0x08001aec                stm_audio_bootloader::Demodulator::Demodulate()
 .text._ZN20stm_audio_bootloader13PacketDecoder4InitEt
                0x08001e54       0x18 build/clouds_bootloader/packet_decoder.o
                0x08001e54                stm_audio_bootloader::PacketDecoder::Init(unsigned short)
 .text._ZN20stm_audio_bootloader13PacketDecoder15ParseSyncHeaderEh
                0x08001e6c       0xa8 build/clouds_bootloader/packet_decoder.o
                0x08001e6c                stm_audio_bootloader::PacketDecoder::ParseSyncHeader(unsigned char)
 .text._ZN20stm_audio_bootloader13PacketDecoder13ProcessSymbolEh
                0x08001f14      0x144 build/clouds_bootloader/packet_decoder.o
                0x08001f14                stm_audio_bootloader::PacketDecoder::ProcessSymbol(unsigned char)
 .text._ZN6stmlib12UninitializeEv
                0x08002058       0x70 build/clouds_bootloader/bootloader_utils.o
                0x08002058                stmlib::Uninitialize()
 .text._ZN6stmlib6JumpToEm
                0x080020c8       0x10 build/clouds_bootloader/bootloader_utils.o
                0x080020c8                stmlib::JumpTo(unsigned long)
 .text.SystemInit
                0x080020d8      0x100 build/clouds_bootloader/system_stm32f4xx.o
                0x080020d8                SystemInit
 .text.NVIC_SetVectorTable
                0x080021d8       0x14 build/clouds_bootloader/misc.o
                0x080021d8                NVIC_SetVectorTable
 .text.DMA_DeInit
                0x080021ec      0x130 build/clouds_bootloader/stm32f4xx_dma.o
                0x080021ec                DMA_DeInit
 .text.DMA_Init
                0x0800231c       0x78 build/clouds_bootloader/stm32f4xx_dma.o
                0x0800231c                DMA_Init
 .text.DMA_Cmd  0x08002394       0x14 build/clouds_bootloader/stm32f4xx_dma.o
                0x08002394                DMA_Cmd
 .text.DMA_ITConfig
                0x080023a8       0x44 build/clouds_bootloader/stm32f4xx_dma.o
                0x080023a8                DMA_ITConfig
 .text.FLASH_Unlock
                0x080023ec       0x20 build/clouds_bootloader/stm32f4xx_flash.o
                0x080023ec                FLASH_Unlock
 .text.FLASH_ClearFlag
                0x0800240c        0xc build/clouds_bootloader/stm32f4xx_flash.o
                0x0800240c                FLASH_ClearFlag
 .text.FLASH_GetStatus
                0x08002418       0x34 build/clouds_bootloader/stm32f4xx_flash.o
                0x08002418                FLASH_GetStatus
 .text.FLASH_WaitForLastOperation
                0x0800244c       0x28 build/clouds_bootloader/stm32f4xx_flash.o
                0x0800244c                FLASH_WaitForLastOperation
 .text.FLASH_EraseSector
                0x08002474       0x78 build/clouds_bootloader/stm32f4xx_flash.o
                0x08002474                FLASH_EraseSector
 .text.FLASH_ProgramWord
                0x080024ec       0x40 build/clouds_bootloader/stm32f4xx_flash.o
                0x080024ec                FLASH_ProgramWord
 .text.GPIO_Init
                0x0800252c      0x298 build/clouds_bootloader/stm32f4xx_gpio.o
                0x0800252c                GPIO_Init
 .text.GPIO_ReadInputDataBit
                0x080027c4        0xc build/clouds_bootloader/stm32f4xx_gpio.o
                0x080027c4                GPIO_ReadInputDataBit
 .text.GPIO_WriteBit
                0x080027d0        0xc build/clouds_bootloader/stm32f4xx_gpio.o
                0x080027d0                GPIO_WriteBit
 .text.GPIO_PinAFConfig
                0x080027dc       0x30 build/clouds_bootloader/stm32f4xx_gpio.o
                0x080027dc                GPIO_PinAFConfig
 .text.I2C_DeInit
                0x0800280c       0x6c build/clouds_bootloader/stm32f4xx_i2c.o
                0x0800280c                I2C_DeInit
 .text.I2C_Init
                0x08002878       0xf4 build/clouds_bootloader/stm32f4xx_i2c.o
                0x08002878                I2C_Init
 .text.I2C_Cmd  0x0800296c       0x20 build/clouds_bootloader/stm32f4xx_i2c.o
                0x0800296c                I2C_Cmd
 .text.I2C_GenerateSTART
                0x0800298c       0x20 build/clouds_bootloader/stm32f4xx_i2c.o
                0x0800298c                I2C_GenerateSTART
 .text.I2C_GenerateSTOP
                0x080029ac       0x20 build/clouds_bootloader/stm32f4xx_i2c.o
                0x080029ac                I2C_GenerateSTOP
 .text.I2C_Send7bitAddress
                0x080029cc       0x14 build/clouds_bootloader/stm32f4xx_i2c.o
                0x080029cc                I2C_Send7bitAddress
 .text.I2C_SendData
                0x080029e0        0x4 build/clouds_bootloader/stm32f4xx_i2c.o
                0x080029e0                I2C_SendData
 .text.I2C_CheckEvent
                0x080029e4       0x1c build/clouds_bootloader/stm32f4xx_i2c.o
                0x080029e4                I2C_CheckEvent
 .text.I2C_GetFlagStatus
                0x08002a00       0x3c build/clouds_bootloader/stm32f4xx_i2c.o
                0x08002a00                I2C_GetFlagStatus
 .text.RCC_PLLI2SConfig
                0x08002a3c       0x14 build/clouds_bootloader/stm32f4xx_rcc.o
                0x08002a3c                RCC_PLLI2SConfig
 .text.RCC_PLLI2SCmd
                0x08002a50        0xc build/clouds_bootloader/stm32f4xx_rcc.o
                0x08002a50                RCC_PLLI2SCmd
 .text.RCC_GetClocksFreq
                0x08002a5c       0x94 build/clouds_bootloader/stm32f4xx_rcc.o
                0x08002a5c                RCC_GetClocksFreq
 .text.RCC_I2SCLKConfig
                0x08002af0        0xc build/clouds_bootloader/stm32f4xx_rcc.o
                0x08002af0                RCC_I2SCLKConfig
 .text.RCC_AHB1PeriphClockCmd
                0x08002afc       0x1c build/clouds_bootloader/stm32f4xx_rcc.o
                0x08002afc                RCC_AHB1PeriphClockCmd
 .text.RCC_APB1PeriphClockCmd
                0x08002b18       0x1c build/clouds_bootloader/stm32f4xx_rcc.o
                0x08002b18                RCC_APB1PeriphClockCmd
 .text.RCC_APB1PeriphResetCmd
                0x08002b34       0x1c build/clouds_bootloader/stm32f4xx_rcc.o
                0x08002b34                RCC_APB1PeriphResetCmd
 .text.RCC_APB2PeriphResetCmd
                0x08002b50       0x1c build/clouds_bootloader/stm32f4xx_rcc.o
                0x08002b50                RCC_APB2PeriphResetCmd
 .text.RCC_GetFlagStatus
                0x08002b6c       0x34 build/clouds_bootloader/stm32f4xx_rcc.o
                0x08002b6c                RCC_GetFlagStatus
 .text.SPI_I2S_DeInit
                0x08002ba0       0x6c build/clouds_bootloader/stm32f4xx_spi.o
                0x08002ba0                SPI_I2S_DeInit
 .text.I2S_Init
                0x08002c0c       0xf0 build/clouds_bootloader/stm32f4xx_spi.o
                0x08002c0c                I2S_Init
 .text.I2S_Cmd  0x08002cfc       0x20 build/clouds_bootloader/stm32f4xx_spi.o
                0x08002cfc                I2S_Cmd
 .text.I2S_FullDuplexConfig
                0x08002d1c       0x54 build/clouds_bootloader/stm32f4xx_spi.o
                0x08002d1c                I2S_FullDuplexConfig
 .text.SPI_I2S_DMACmd
                0x08002d70       0x18 build/clouds_bootloader/stm32f4xx_spi.o
                0x08002d70                SPI_I2S_DMACmd
 .text.Reset_Handler
                0x08002d88       0x4c build/clouds_bootloader/startup_stm32f4xx.o
                0x08002d88                Reset_Handler
 .text.Default_Handler
                0x08002dd4        0x4 build/clouds_bootloader/startup_stm32f4xx.o
                0x08002dd4                RTC_Alarm_IRQHandler
                0x08002dd4                HASH_RNG_IRQHandler
                0x08002dd4                EXTI2_IRQHandler
                0x08002dd4                TIM8_CC_IRQHandler
                0x08002dd4                TIM1_CC_IRQHandler
                0x08002dd4                DMA2_Stream5_IRQHandler
                0x08002dd4                DMA1_Stream5_IRQHandler
                0x08002dd4                PVD_IRQHandler
                0x08002dd4                SDIO_IRQHandler
                0x08002dd4                TAMP_STAMP_IRQHandler
                0x08002dd4                CAN2_RX1_IRQHandler
                0x08002dd4                EXTI3_IRQHandler
                0x08002dd4                TIM8_TRG_COM_TIM14_IRQHandler
                0x08002dd4                TIM1_UP_TIM10_IRQHandler
                0x08002dd4                TIM8_UP_TIM13_IRQHandler
                0x08002dd4                I2C3_ER_IRQHandler
                0x08002dd4                EXTI0_IRQHandler
                0x08002dd4                I2C2_EV_IRQHandler
                0x08002dd4                DMA1_Stream2_IRQHandler
                0x08002dd4                CAN1_RX0_IRQHandler
                0x08002dd4                FPU_IRQHandler
                0x08002dd4                OTG_HS_WKUP_IRQHandler
                0x08002dd4                CAN2_SCE_IRQHandler
                0x08002dd4                DMA2_Stream2_IRQHandler
                0x08002dd4                SPI1_IRQHandler
                0x08002dd4                TIM6_DAC_IRQHandler
                0x08002dd4                TIM1_BRK_TIM9_IRQHandler
                0x08002dd4                DCMI_IRQHandler
                0x08002dd4                CAN2_RX0_IRQHandler
                0x08002dd4                DMA2_Stream3_IRQHandler
                0x08002dd4                USART6_IRQHandler
                0x08002dd4                USART3_IRQHandler
                0x08002dd4                CRYP_IRQHandler
                0x08002dd4                CAN1_RX1_IRQHandler
                0x08002dd4                UART5_IRQHandler
                0x08002dd4                DMA2_Stream0_IRQHandler
                0x08002dd4                TIM4_IRQHandler
                0x08002dd4                I2C1_EV_IRQHandler
                0x08002dd4                DMA1_Stream6_IRQHandler
                0x08002dd4                DMA1_Stream1_IRQHandler
                0x08002dd4                UART4_IRQHandler
                0x08002dd4                TIM3_IRQHandler
                0x08002dd4                RCC_IRQHandler
                0x08002dd4                TIM8_BRK_TIM12_IRQHandler
                0x08002dd4                Default_Handler
                0x08002dd4                EXTI15_10_IRQHandler
                0x08002dd4                ADC_IRQHandler
                0x08002dd4                DMA1_Stream7_IRQHandler
                0x08002dd4                TIM7_IRQHandler
                0x08002dd4                CAN2_TX_IRQHandler
                0x08002dd4                TIM5_IRQHandler
                0x08002dd4                DMA2_Stream7_IRQHandler
                0x08002dd4                I2C3_EV_IRQHandler
                0x08002dd4                EXTI9_5_IRQHandler
                0x08002dd4                RTC_WKUP_IRQHandler
                0x08002dd4                ETH_WKUP_IRQHandler
                0x08002dd4                SPI2_IRQHandler
                0x08002dd4                OTG_HS_EP1_IN_IRQHandler
                0x08002dd4                DMA1_Stream0_IRQHandler
                0x08002dd4                CAN1_TX_IRQHandler
                0x08002dd4                EXTI4_IRQHandler
                0x08002dd4                FSMC_IRQHandler
                0x08002dd4                ETH_IRQHandler
                0x08002dd4                OTG_HS_EP1_OUT_IRQHandler
                0x08002dd4                WWDG_IRQHandler
                0x08002dd4                TIM2_IRQHandler
                0x08002dd4                OTG_FS_WKUP_IRQHandler
                0x08002dd4                TIM1_TRG_COM_TIM11_IRQHandler
                0x08002dd4                OTG_HS_IRQHandler
                0x08002dd4                EXTI1_IRQHandler
                0x08002dd4                USART2_IRQHandler
                0x08002dd4                I2C2_ER_IRQHandler
                0x08002dd4                DMA2_Stream1_IRQHandler
                0x08002dd4                CAN1_SCE_IRQHandler
                0x08002dd4                FLASH_IRQHandler
                0x08002dd4                DMA2_Stream4_IRQHandler
                0x08002dd4                USART1_IRQHandler
                0x08002dd4                OTG_FS_IRQHandler
                0x08002dd4                SPI3_IRQHandler
                0x08002dd4                DMA1_Stream4_IRQHandler
                0x08002dd4                I2C1_ER_IRQHandler
                0x08002dd4                DMA2_Stream6_IRQHandler
 .text.memset   0x08002dd8       0x94 /home/luix/apps/gcc/gcc-arm-none-eabi-4_8-2013q4/bin/../lib/gcc/arm-none-eabi/4.8.3/../../../../arm-none-eabi/lib/armv7e-m/fpu/libc.a(lib_a-memset.o)
                0x08002dd8                memset
 *(.rodata)
 .rodata        0x08002e6c        0x4 build/clouds_bootloader/switches.o
 *(.rodata*)
 .rodata._ZL6lut_db
                0x08002e70      0x204 build/clouds_bootloader/bootloader.o
 .rodata._ZN20stm_audio_bootloaderL23filter_coefficients_3_7E
                0x08003074       0x10 build/clouds_bootloader/demodulator.o
 .rodata._ZN20stm_audio_bootloaderL23filter_coefficients_4_7E
                0x08003084       0x10 build/clouds_bootloader/demodulator.o
 .rodata._ZN20stm_audio_bootloaderL23filter_coefficients_6_7E
                0x08003094       0x10 build/clouds_bootloader/demodulator.o
 .rodata._ZN20stm_audio_bootloaderL23filter_coefficients_8_7E
                0x080030a4       0x10 build/clouds_bootloader/demodulator.o
 .rodata._ZN20stm_audio_bootloaderL12cutoff_tableE
                0x080030b4       0x44 build/clouds_bootloader/demodulator.o
 .rodata._ZN20stm_audio_bootloaderL24filter_coefficients_12_7E
                0x080030f8       0x10 build/clouds_bootloader/demodulator.o
 .rodata._ZN20stm_audio_bootloaderL24filter_coefficients_16_7E
                0x08003108       0x10 build/clouds_bootloader/demodulator.o
 .rodata._ZL9crc32_tab
                0x08003118      0x400 build/clouds_bootloader/packet_decoder.o
 *(.glue_7)
 .glue_7        0x00000000        0x0 linker stubs
 *(.glue_7t)
 .glue_7t       0x00000000        0x0 linker stubs
 *(.init)
 .init          0x08003518        0x4 /home/luix/apps/gcc/gcc-arm-none-eabi-4_8-2013q4/bin/../lib/gcc/arm-none-eabi/4.8.3/armv7e-m/fpu/crti.o
                0x08003518                _init
 .init          0x0800351c        0x8 /home/luix/apps/gcc/gcc-arm-none-eabi-4_8-2013q4/bin/../lib/gcc/arm-none-eabi/4.8.3/armv7e-m/fpu/crtn.o
 *(.fini)
 .fini          0x08003524        0x4 /home/luix/apps/gcc/gcc-arm-none-eabi-4_8-2013q4/bin/../lib/gcc/arm-none-eabi/4.8.3/armv7e-m/fpu/crti.o
                0x08003524                _fini
 .fini          0x08003528        0x8 /home/luix/apps/gcc/gcc-arm-none-eabi-4_8-2013q4/bin/../lib/gcc/arm-none-eabi/4.8.3/armv7e-m/fpu/crtn.o
                0x08003530                . = ALIGN (0x10)
                0x08003530                _etext = .
                0x08003530                _sidata = _etext

.vfp11_veneer   0x08003530        0x0
 .vfp11_veneer  0x00000000        0x0 linker stubs

.v4_bx          0x08003530        0x0
 .v4_bx         0x00000000        0x0 linker stubs

.iplt           0x08003530        0x0
 .iplt          0x00000000        0x0 /home/luix/apps/gcc/gcc-arm-none-eabi-4_8-2013q4/bin/../lib/gcc/arm-none-eabi/4.8.3/armv7e-m/fpu/crtbegin.o

.rel.dyn        0x08003530        0x0
 .rel.iplt      0x00000000        0x0 /home/luix/apps/gcc/gcc-arm-none-eabi-4_8-2013q4/bin/../lib/gcc/arm-none-eabi/4.8.3/armv7e-m/fpu/crtbegin.o

.data           0x20000000      0x220 load address 0x08003530
                0x20000000                . = ALIGN (0x10)
                0x20000000                _sdata = .
 *(.ramtext*)
                0x20000000                . = ALIGN (0x10)
 *(.data*)
 .data.discard_samples
                0x20000000        0x4 build/clouds_bootloader/bootloader.o
                0x20000000                discard_samples
 .data._ZN20stm_audio_bootloader8lut_sineE
                0x20000004      0x204 build/clouds_bootloader/demodulator.o
                0x20000004                stm_audio_bootloader::lut_sine
 .data.APBAHBPrescTable
                0x20000208       0x10 build/clouds_bootloader/stm32f4xx_rcc.o
 *(.data.*)
                0x20000220                . = ALIGN (0x10)
 *fill*         0x20000218        0x8 
                0x20000220                _edata = .

.igot.plt       0x20000220        0x0 load address 0x08003750
 .igot.plt      0x00000000        0x0 /home/luix/apps/gcc/gcc-arm-none-eabi-4_8-2013q4/bin/../lib/gcc/arm-none-eabi/4.8.3/armv7e-m/fpu/crtbegin.o

.bss            0x20000220     0x5100 load address 0x08003750
                0x20000220                . = ALIGN (0x10)
                0x20000220                _sbss = .
 *(.bss)
 *(.bss*)
 .bss.ui_state  0x20000220        0x1 build/clouds_bootloader/bootloader.o
                0x20000220                ui_state
 *fill*         0x20000221        0x3 
 .bss.demodulator
                0x20000224      0xd18 build/clouds_bootloader/bootloader.o
                0x20000224                demodulator
 .bss.meter     0x20000f3c       0x10 build/clouds_bootloader/bootloader.o
                0x20000f3c                meter
 .bss.switches  0x20000f4c        0x4 build/clouds_bootloader/bootloader.o
                0x20000f4c                switches
 .bss._ZL15current_address
                0x20000f50        0x4 build/clouds_bootloader/bootloader.o
 .bss.leds      0x20000f54        0xc build/clouds_bootloader/bootloader.o
                0x20000f54                leds
 .bss.codec     0x20000f60      0x294 build/clouds_bootloader/bootloader.o
                0x20000f60                codec
 .bss.decoder   0x200011f4      0x114 build/clouds_bootloader/bootloader.o
                0x200011f4                decoder
 .bss.switch_released
                0x20001308        0x1 build/clouds_bootloader/bootloader.o
                0x20001308                switch_released
 *fill*         0x20001309        0x3 
 .bss.rx_buffer
                0x2000130c     0x4000 build/clouds_bootloader/bootloader.o
                0x2000130c                rx_buffer
 .bss._ZL12packet_index
                0x2000530c        0x2 build/clouds_bootloader/bootloader.o
 *fill*         0x2000530e        0x2 
 .bss._ZN6clouds5Codec9instance_E
                0x20005310        0x4 build/clouds_bootloader/codec.o
                0x20005310                clouds::Codec::instance_
 .bss._ZN6stmlib12system_clockE
                0x20005314        0x4 build/clouds_bootloader/system_clock.o
                0x20005314                stmlib::system_clock
 *(COMMON)
                0x20005320                . = ALIGN (0x10)
 *fill*         0x20005318        0x8 
                0x20005320                _ebss = .
                0x20005320                PROVIDE (end, _ebss)
                0x20005320                PROVIDE (_end, _ebss)

._user_heap_stack
                0x20005320      0x400 load address 0x08008850
                0x20005320                . = ALIGN (0x10)
                0x20005320                PROVIDE (end, .)
                0x20005320                PROVIDE (_end, .)
                0x20005320                . = (. + _Min_Heap_Size)
                0x20005720                . = (. + _Min_Stack_Size)
 *fill*         0x20005320      0x400 
                0x20005720                . = ALIGN (0x10)

.ccmdata        0x10000000        0x0
                0x10000000                . = ALIGN (0x10)
 *(.ccmdata)
                0x10000000                . = ALIGN (0x10)

DISCARD
 libc.a(*)
 libm.a(*)
 libgcc.a(*)
OUTPUT(build/clouds_bootloader/clouds_bootloader.elf elf32-littlearm)

.ARM.attributes
                0x00000000       0x30
 .ARM.attributes
                0x00000000       0x22 /home/luix/apps/gcc/gcc-arm-none-eabi-4_8-2013q4/bin/../lib/gcc/arm-none-eabi/4.8.3/armv7e-m/fpu/crti.o
 .ARM.attributes
                0x00000022       0x39 build/clouds_bootloader/bootloader.o
 .ARM.attributes
                0x0000005b       0x39 build/clouds_bootloader/codec.o
 .ARM.attributes
                0x00000094       0x39 build/clouds_bootloader/leds.o
 .ARM.attributes
                0x000000cd       0x39 build/clouds_bootloader/switches.o
 .ARM.attributes
                0x00000106       0x39 build/clouds_bootloader/system.o
 .ARM.attributes
                0x0000013f       0x39 build/clouds_bootloader/demodulator.o
 .ARM.attributes
                0x00000178       0x39 build/clouds_bootloader/packet_decoder.o
 .ARM.attributes
                0x000001b1       0x39 build/clouds_bootloader/bootloader_utils.o
 .ARM.attributes
                0x000001ea       0x39 build/clouds_bootloader/system_clock.o
 .ARM.attributes
                0x00000223       0x39 build/clouds_bootloader/system_stm32f4xx.o
 .ARM.attributes
                0x0000025c       0x39 build/clouds_bootloader/misc.o
 .ARM.attributes
                0x00000295       0x39 build/clouds_bootloader/stm32f4xx_dma.o
 .ARM.attributes
                0x000002ce       0x39 build/clouds_bootloader/stm32f4xx_flash.o
 .ARM.attributes
                0x00000307       0x39 build/clouds_bootloader/stm32f4xx_gpio.o
 .ARM.attributes
                0x00000340       0x39 build/clouds_bootloader/stm32f4xx_i2c.o
 .ARM.attributes
                0x00000379       0x39 build/clouds_bootloader/stm32f4xx_rcc.o
 .ARM.attributes
                0x000003b2       0x39 build/clouds_bootloader/stm32f4xx_spi.o
 .ARM.attributes
                0x000003eb       0x21 build/clouds_bootloader/startup_stm32f4xx.o
 .ARM.attributes
                0x0000040c       0x20 /home/luix/apps/gcc/gcc-arm-none-eabi-4_8-2013q4/bin/../lib/gcc/arm-none-eabi/4.8.3/../../../../arm-none-eabi/lib/armv7e-m/fpu/libc.a(lib_a-memcpy.o)
 .ARM.attributes
                0x0000042c       0x34 /home/luix/apps/gcc/gcc-arm-none-eabi-4_8-2013q4/bin/../lib/gcc/arm-none-eabi/4.8.3/../../../../arm-none-eabi/lib/armv7e-m/fpu/libc.a(lib_a-memset.o)
 .ARM.attributes
                0x00000460       0x22 /home/luix/apps/gcc/gcc-arm-none-eabi-4_8-2013q4/bin/../lib/gcc/arm-none-eabi/4.8.3/armv7e-m/fpu/crtn.o

.comment        0x00000000       0x70
 .comment       0x00000000       0x70 build/clouds_bootloader/bootloader.o
                                 0x71 (size before relaxing)
 .comment       0x00000000       0x71 build/clouds_bootloader/codec.o
 .comment       0x00000000       0x71 build/clouds_bootloader/leds.o
 .comment       0x00000000       0x71 build/clouds_bootloader/switches.o
 .comment       0x00000000       0x71 build/clouds_bootloader/system.o
 .comment       0x00000000       0x71 build/clouds_bootloader/demodulator.o
 .comment       0x00000000       0x71 build/clouds_bootloader/packet_decoder.o
 .comment       0x00000000       0x71 build/clouds_bootloader/bootloader_utils.o
 .comment       0x00000000       0x71 build/clouds_bootloader/system_clock.o
 .comment       0x00000000       0x71 build/clouds_bootloader/system_stm32f4xx.o
 .comment       0x00000000       0x71 build/clouds_bootloader/misc.o
 .comment       0x00000000       0x71 build/clouds_bootloader/stm32f4xx_dma.o
 .comment       0x00000000       0x71 build/clouds_bootloader/stm32f4xx_flash.o
 .comment       0x00000000       0x71 build/clouds_bootloader/stm32f4xx_gpio.o
 .comment       0x00000000       0x71 build/clouds_bootloader/stm32f4xx_i2c.o
 .comment       0x00000000       0x71 build/clouds_bootloader/stm32f4xx_rcc.o
 .comment       0x00000000       0x71 build/clouds_bootloader/stm32f4xx_spi.o

.debug_info     0x00000000     0xf28b
 .debug_info    0x00000000     0x366e build/clouds_bootloader/bootloader.o
 .debug_info    0x0000366e     0x2c90 build/clouds_bootloader/codec.o
 .debug_info    0x000062fe      0xeb5 build/clouds_bootloader/leds.o
 .debug_info    0x000071b3      0xc39 build/clouds_bootloader/switches.o
 .debug_info    0x00007dec      0x7de build/clouds_bootloader/system.o
 .debug_info    0x000085ca     0x16b6 build/clouds_bootloader/demodulator.o
 .debug_info    0x00009c80      0x939 build/clouds_bootloader/packet_decoder.o
 .debug_info    0x0000a5b9      0x437 build/clouds_bootloader/bootloader_utils.o
 .debug_info    0x0000a9f0      0x2ce build/clouds_bootloader/system_clock.o
 .debug_info    0x0000acbe      0x58b build/clouds_bootloader/system_stm32f4xx.o
 .debug_info    0x0000b249      0x528 build/clouds_bootloader/misc.o
 .debug_info    0x0000b771      0x72c build/clouds_bootloader/stm32f4xx_dma.o
 .debug_info    0x0000be9d      0x7ce build/clouds_bootloader/stm32f4xx_flash.o
 .debug_info    0x0000c66b      0x7b5 build/clouds_bootloader/stm32f4xx_gpio.o
 .debug_info    0x0000ce20      0xbbf build/clouds_bootloader/stm32f4xx_i2c.o
 .debug_info    0x0000d9df      0xcfc build/clouds_bootloader/stm32f4xx_rcc.o
 .debug_info    0x0000e6db      0xbb0 build/clouds_bootloader/stm32f4xx_spi.o

.debug_abbrev   0x00000000     0x31d7
 .debug_abbrev  0x00000000      0x6dc build/clouds_bootloader/bootloader.o
 .debug_abbrev  0x000006dc      0x593 build/clouds_bootloader/codec.o
 .debug_abbrev  0x00000c6f      0x475 build/clouds_bootloader/leds.o
 .debug_abbrev  0x000010e4      0x3fc build/clouds_bootloader/switches.o
 .debug_abbrev  0x000014e0      0x259 build/clouds_bootloader/system.o
 .debug_abbrev  0x00001739      0x4b6 build/clouds_bootloader/demodulator.o
 .debug_abbrev  0x00001bef      0x3b7 build/clouds_bootloader/packet_decoder.o
 .debug_abbrev  0x00001fa6      0x1b6 build/clouds_bootloader/bootloader_utils.o
 .debug_abbrev  0x0000215c      0x1fd build/clouds_bootloader/system_clock.o
 .debug_abbrev  0x00002359      0x15f build/clouds_bootloader/system_stm32f4xx.o
 .debug_abbrev  0x000024b8      0x156 build/clouds_bootloader/misc.o
 .debug_abbrev  0x0000260e      0x175 build/clouds_bootloader/stm32f4xx_dma.o
 .debug_abbrev  0x00002783      0x20d build/clouds_bootloader/stm32f4xx_flash.o
 .debug_abbrev  0x00002990      0x1f8 build/clouds_bootloader/stm32f4xx_gpio.o
 .debug_abbrev  0x00002b88      0x1ef build/clouds_bootloader/stm32f4xx_i2c.o
 .debug_abbrev  0x00002d77      0x279 build/clouds_bootloader/stm32f4xx_rcc.o
 .debug_abbrev  0x00002ff0      0x1e7 build/clouds_bootloader/stm32f4xx_spi.o

.debug_loc      0x00000000     0x63cb
 .debug_loc     0x00000000     0x10c2 build/clouds_bootloader/bootloader.o
 .debug_loc     0x000010c2      0x60d build/clouds_bootloader/codec.o
 .debug_loc     0x000016cf      0x263 build/clouds_bootloader/leds.o
 .debug_loc     0x00001932       0xc5 build/clouds_bootloader/switches.o
 .debug_loc     0x000019f7       0x63 build/clouds_bootloader/system.o
 .debug_loc     0x00001a5a      0xfef build/clouds_bootloader/demodulator.o
 .debug_loc     0x00002a49      0x3e0 build/clouds_bootloader/packet_decoder.o
 .debug_loc     0x00002e29       0x47 build/clouds_bootloader/bootloader_utils.o
 .debug_loc     0x00002e70      0x153 build/clouds_bootloader/system_stm32f4xx.o
 .debug_loc     0x00002fc3      0x1b5 build/clouds_bootloader/misc.o
 .debug_loc     0x00003178      0x641 build/clouds_bootloader/stm32f4xx_dma.o
 .debug_loc     0x000037b9      0x6bd build/clouds_bootloader/stm32f4xx_flash.o
 .debug_loc     0x00003e76      0x58f build/clouds_bootloader/stm32f4xx_gpio.o
 .debug_loc     0x00004405      0xb16 build/clouds_bootloader/stm32f4xx_i2c.o
 .debug_loc     0x00004f1b      0xcee build/clouds_bootloader/stm32f4xx_rcc.o
 .debug_loc     0x00005c09      0x7c2 build/clouds_bootloader/stm32f4xx_spi.o

.debug_aranges  0x00000000      0x8a8
 .debug_aranges
                0x00000000       0xc8 build/clouds_bootloader/bootloader.o
 .debug_aranges
                0x000000c8       0x70 build/clouds_bootloader/codec.o
 .debug_aranges
                0x00000138       0x30 build/clouds_bootloader/leds.o
 .debug_aranges
                0x00000168       0x28 build/clouds_bootloader/switches.o
 .debug_aranges
                0x00000190       0x28 build/clouds_bootloader/system.o
 .debug_aranges
                0x000001b8       0x48 build/clouds_bootloader/demodulator.o
 .debug_aranges
                0x00000200       0x38 build/clouds_bootloader/packet_decoder.o
 .debug_aranges
                0x00000238       0x28 build/clouds_bootloader/bootloader_utils.o
 .debug_aranges
                0x00000260       0x28 build/clouds_bootloader/system_clock.o
 .debug_aranges
                0x00000288       0x28 build/clouds_bootloader/system_stm32f4xx.o
 .debug_aranges
                0x000002b0       0x40 build/clouds_bootloader/misc.o
 .debug_aranges
                0x000002f0       0xb0 build/clouds_bootloader/stm32f4xx_dma.o
 .debug_aranges
                0x000003a0      0x108 build/clouds_bootloader/stm32f4xx_flash.o
 .debug_aranges
                0x000004a8       0x88 build/clouds_bootloader/stm32f4xx_gpio.o
 .debug_aranges
                0x00000530      0x120 build/clouds_bootloader/stm32f4xx_i2c.o
 .debug_aranges
                0x00000650      0x178 build/clouds_bootloader/stm32f4xx_rcc.o
 .debug_aranges
                0x000007c8       0xe0 build/clouds_bootloader/stm32f4xx_spi.o

.debug_ranges   0x00000000     0x1280
 .debug_ranges  0x00000000      0x5c8 build/clouds_bootloader/bootloader.o
 .debug_ranges  0x000005c8      0x168 build/clouds_bootloader/codec.o
 .debug_ranges  0x00000730       0xf0 build/clouds_bootloader/leds.o
 .debug_ranges  0x00000820       0x70 build/clouds_bootloader/switches.o
 .debug_ranges  0x00000890       0x58 build/clouds_bootloader/system.o
 .debug_ranges  0x000008e8      0x358 build/clouds_bootloader/demodulator.o
 .debug_ranges  0x00000c40       0x58 build/clouds_bootloader/packet_decoder.o
 .debug_ranges  0x00000c98       0x18 build/clouds_bootloader/bootloader_utils.o
 .debug_ranges  0x00000cb0       0x18 build/clouds_bootloader/system_clock.o
 .debug_ranges  0x00000cc8       0x30 build/clouds_bootloader/system_stm32f4xx.o
 .debug_ranges  0x00000cf8       0x30 build/clouds_bootloader/misc.o
 .debug_ranges  0x00000d28       0xa0 build/clouds_bootloader/stm32f4xx_dma.o
 .debug_ranges  0x00000dc8       0xf8 build/clouds_bootloader/stm32f4xx_flash.o
 .debug_ranges  0x00000ec0       0x78 build/clouds_bootloader/stm32f4xx_gpio.o
 .debug_ranges  0x00000f38      0x110 build/clouds_bootloader/stm32f4xx_i2c.o
 .debug_ranges  0x00001048      0x168 build/clouds_bootloader/stm32f4xx_rcc.o
 .debug_ranges  0x000011b0       0xd0 build/clouds_bootloader/stm32f4xx_spi.o

.debug_line     0x00000000     0x463f
 .debug_line    0x00000000      0xad2 build/clouds_bootloader/bootloader.o
 .debug_line    0x00000ad2      0x6fd build/clouds_bootloader/codec.o
 .debug_line    0x000011cf      0x4fb build/clouds_bootloader/leds.o
 .debug_line    0x000016ca      0x48b build/clouds_bootloader/switches.o
 .debug_line    0x00001b55      0x19b build/clouds_bootloader/system.o
 .debug_line    0x00001cf0      0x710 build/clouds_bootloader/demodulator.o
 .debug_line    0x00002400      0x48e build/clouds_bootloader/packet_decoder.o
 .debug_line    0x0000288e      0x143 build/clouds_bootloader/bootloader_utils.o
 .debug_line    0x000029d1       0xea build/clouds_bootloader/system_clock.o
 .debug_line    0x00002abb      0x148 build/clouds_bootloader/system_stm32f4xx.o
 .debug_line    0x00002c03      0x1b6 build/clouds_bootloader/misc.o
 .debug_line    0x00002db9      0x39c build/clouds_bootloader/stm32f4xx_dma.o
 .debug_line    0x00003155      0x3f4 build/clouds_bootloader/stm32f4xx_flash.o
 .debug_line    0x00003549      0x353 build/clouds_bootloader/stm32f4xx_gpio.o
 .debug_line    0x0000389c      0x485 build/clouds_bootloader/stm32f4xx_i2c.o
 .debug_line    0x00003d21      0x4fc build/clouds_bootloader/stm32f4xx_rcc.o
 .debug_line    0x0000421d      0x422 build/clouds_bootloader/stm32f4xx_spi.o

.debug_str      0x00000000     0x4e70
 .debug_str     0x00000000     0x2449 build/clouds_bootloader/bootloader.o
                               0x25bd (size before relaxing)
 .debug_str     0x00002449      0xf1e build/clouds_bootloader/codec.o
                               0x1dff (size before relaxing)
 .debug_str     0x00003367      0x165 build/clouds_bootloader/leds.o
                                0x8e3 (size before relaxing)
 .debug_str     0x000034cc       0x1b build/clouds_bootloader/switches.o
                                0x8a6 (size before relaxing)
 .debug_str     0x000034e7       0xd3 build/clouds_bootloader/system.o
                                0x90c (size before relaxing)
 .debug_str     0x000035ba      0x277 build/clouds_bootloader/demodulator.o
                               0x112e (size before relaxing)
 .debug_str     0x00003831       0x69 build/clouds_bootloader/packet_decoder.o
                                0x796 (size before relaxing)
 .debug_str     0x0000389a      0x138 build/clouds_bootloader/bootloader_utils.o
                                0x419 (size before relaxing)
 .debug_str     0x000039d2       0x63 build/clouds_bootloader/system_clock.o
                                0x3e3 (size before relaxing)
 .debug_str     0x00003a35      0x201 build/clouds_bootloader/system_stm32f4xx.o
                                0x43e (size before relaxing)
 .debug_str     0x00003c36      0x176 build/clouds_bootloader/misc.o
                                0x477 (size before relaxing)
 .debug_str     0x00003dac      0x231 build/clouds_bootloader/stm32f4xx_dma.o
                                0x5ea (size before relaxing)
 .debug_str     0x00003fdd      0x2d8 build/clouds_bootloader/stm32f4xx_flash.o
                                0x625 (size before relaxing)
 .debug_str     0x000042b5      0x15c build/clouds_bootloader/stm32f4xx_gpio.o
                                0x568 (size before relaxing)
 .debug_str     0x00004411      0x337 build/clouds_bootloader/stm32f4xx_i2c.o
                                0x72c (size before relaxing)
 .debug_str     0x00004748      0x44a build/clouds_bootloader/stm32f4xx_rcc.o
                                0x8ee (size before relaxing)
 .debug_str     0x00004b92      0x2de build/clouds_bootloader/stm32f4xx_spi.o
                                0x756 (size before relaxing)

.debug_frame    0x00000000     0x12cc
 .debug_frame   0x00000000      0x1e8 build/clouds_bootloader/bootloader.o
 .debug_frame   0x000001e8      0x15c build/clouds_bootloader/codec.o
 .debug_frame   0x00000344       0x70 build/clouds_bootloader/leds.o
 .debug_frame   0x000003b4       0x50 build/clouds_bootloader/switches.o
 .debug_frame   0x00000404       0x38 build/clouds_bootloader/system.o
 .debug_frame   0x0000043c       0xd0 build/clouds_bootloader/demodulator.o
 .debug_frame   0x0000050c       0x7c build/clouds_bootloader/packet_decoder.o
 .debug_frame   0x00000588       0x44 build/clouds_bootloader/bootloader_utils.o
 .debug_frame   0x000005cc       0x30 build/clouds_bootloader/system_clock.o
 .debug_frame   0x000005fc       0x34 build/clouds_bootloader/system_stm32f4xx.o
 .debug_frame   0x00000630       0x6c build/clouds_bootloader/misc.o
 .debug_frame   0x0000069c      0x180 build/clouds_bootloader/stm32f4xx_dma.o
 .debug_frame   0x0000081c      0x264 build/clouds_bootloader/stm32f4xx_flash.o
 .debug_frame   0x00000a80      0x118 build/clouds_bootloader/stm32f4xx_gpio.o
 .debug_frame   0x00000b98      0x248 build/clouds_bootloader/stm32f4xx_i2c.o
 .debug_frame   0x00000de0      0x2e4 build/clouds_bootloader/stm32f4xx_rcc.o
 .debug_frame   0x000010c4      0x1dc build/clouds_bootloader/stm32f4xx_spi.o
 .debug_frame   0x000012a0       0x2c /home/luix/apps/gcc/gcc-arm-none-eabi-4_8-2013q4/bin/../lib/gcc/arm-none-eabi/4.8.3/../../../../arm-none-eabi/lib/armv7e-m/fpu/libc.a(lib_a-memset.o)
